// Jest Snapshot v1, https://goo.gl/fbAQLP

exports[`Signin comp matches snapshot when no data entered 1`] = `
<section
  className="dp-password"
>
  <div
    className="password-container"
  >
    <form
      onSubmit={[Function]}
    >
      <label
        htmlFor="email"
      >
        Email
      </label>
      <input
        name="email"
        onChange={[Function]}
        placeholder="Email"
        type="email"
        value=""
      />
      <WithStyles(ForwardRef(Button))
        color="default"
        disabled={true}
        type="submit"
        variant="contained"
      >
        Reset Password
      </WithStyles(ForwardRef(Button))>
    </form>
  </div>
  <hr />
</section>
`;
